[sensor_rate] 감시: /paxini/right/ft  (std_msgs/msg/Float32MultiArray)
[sensor_rate] 감시: /hand/right/joint_states  (sensor_msgs/msg/JointState)
[sensor_rate] 감시: /hand/right/kin  (std_msgs/msg/Float32MultiArray)
[sensor_rate] 감시: /franka/right/joint_states  (sensor_msgs/msg/JointState)
[sensor_rate] 3600.0s 수집 중... (모션·접촉 중에 재는 것이 의미 있음)

[sensor_rate] 중단 신호 — 수집분으로 리포트

========================================================================
센서 실측 update rate — '발행률'(통신) vs '값 변화율'(센서)
========================================================================

[/paxini/right/ft]  std_msgs/msg/Float32MultiArray, 12ch, 67.501s
  판정            : ✅ LIVE — 값이 실제로 갱신됨
  메시지 발행률   :   6041개    89.48 Hz   ← ros2 topic hz 와 같은 값(통신)
  값 변화율(raw)  :   3118회    46.19 Hz   (LSB 지터 포함)
  ★ 유의미 갱신율 :   46.19 Hz   ← 전체 평균 (idle 포함, |Δ| ≥ 0.0001)
  ★ 활성 갱신율   :   89.72 Hz   ← 갱신될 때의 rate (1/변화간격 중앙값)
  변화폭 max|Δ|   : 중앙 0.1  최대 1.6   / 채널 최대진폭 5.3
  중복(스테일)    : 48.4%   → 1.94배 오버샘플
  변화 간격       : 평균 18.56ms  중앙 11.15ms  최소 5.03ms  최대 2244.56ms
  header stamp    : 없음 (timestamp/seq 미제공 → 값 변화로만 판정 가능)
  채널별 변화횟수 : [968, 1119, 758, 586, 281, 396, 674, 806, 640, 613, 753, 686]
  ✅ 전 채널(12) 변함
  최소 변화폭     : 0.1 (양자화 단위 추정)
  채널 std        : [0.5562, 0.6237, 1.8438, 0.5501, 0.3062, 0.5824, 0.3657, 0.3933, 0.6864, 0.5288, 0.3819, 0.502]

[/hand/right/joint_states]  sensor_msgs/msg/JointState, 16ch, 67.506s
  판정            : ✅ LIVE — 값이 실제로 갱신됨
  메시지 발행률   :  13484개   199.73 Hz   ← ros2 topic hz 와 같은 값(통신)
  값 변화율(raw)  :  10825회   160.36 Hz   (LSB 지터 포함)
  ★ 유의미 갱신율 :  160.36 Hz   ← 전체 평균 (idle 포함, |Δ| ≥ 0.0001)
  ★ 활성 갱신율   :  198.61 Hz   ← 갱신될 때의 rate (1/변화간격 중앙값)
  변화폭 max|Δ|   : 중앙 5.0  최대 89.0   / 채널 최대진폭 2862.0
  중복(스테일)    : 19.7%   → 1.25배 오버샘플
  변화 간격       : 평균 6.24ms  중앙 5.04ms  최소 0.25ms  최대 49.12ms
  header stamp    : 고유 13484개  199.73 Hz
  채널별 변화횟수 : [8532, 8709, 8586, 9053, 8938, 8984, 8834, 8946, 8469, 9002, 9314, 9140, 8915, 8744, 8419, 8603]
  ✅ 전 채널(16) 변함
  최소 변화폭     : 1.0 (양자화 단위 추정)
  채널 std        : [88.0825, 39.5363, 373.9302, 1043.1532, 53.5247, 1013.3058, 400.8439, 505.2932, 56.8749, 380.5445, 118.6475, 442.0068, 96.5365, 529.884, 126.833, 195.7273]

[/hand/right/kin]  std_msgs/msg/Float32MultiArray, 12ch, 67.506s
  판정            : ❌ FROZEN — 값이 전혀 안 바뀜(같은 값 재발행)
  메시지 발행률   :  13484개   199.73 Hz   ← ros2 topic hz 와 같은 값(통신)
  값 변화율(raw)  :      0회     0.00 Hz   (LSB 지터 포함)
  ★ 유의미 갱신율 :    0.00 Hz   ← 전체 평균 (idle 포함, |Δ| ≥ 0.0001)
  ★ 활성 갱신율   :    0.00 Hz   ← 갱신될 때의 rate (1/변화간격 중앙값)
  변화폭 max|Δ|   : 중앙 None  최대 None   / 채널 최대진폭 0.0
  중복(스테일)    : 100.0%
  고정된 값       : [0.0, 0.0, 0.0, 0.0, 0.0, 0.0, 0.0, 0.0, 0.0, 0.0, 0.0, 0.0]   ← 전 채널 정확히 0 (센서 미동작 의심)
  header stamp    : 없음 (timestamp/seq 미제공 → 값 변화로만 판정 가능)
  채널별 변화횟수 : [0, 0, 0, 0, 0, 0, 0, 0, 0, 0, 0, 0]
  ⚠ 정적 채널     : 12/12개 값 고정 [0, 1, 2, 3, 4, 5, 6, 7, 8, 9, 10, 11]
  채널 std        : [0.0, 0.0, 0.0, 0.0, 0.0, 0.0, 0.0, 0.0, 0.0, 0.0, 0.0, 0.0]

[/franka/right/joint_states]  sensor_msgs/msg/JointState, 7ch, 67.511s
  판정            : ✅ LIVE — 값이 실제로 갱신됨
  메시지 발행률   :  13485개   199.73 Hz   ← ros2 topic hz 와 같은 값(통신)
  값 변화율(raw)  :  13483회   199.72 Hz   (LSB 지터 포함)
  ★ 유의미 갱신율 :    1.01 Hz   ← 전체 평균 (idle 포함, |Δ| ≥ 0.0001)
  ★ 활성 갱신율   :  200.03 Hz   ← 갱신될 때의 rate (1/변화간격 중앙값)
  변화폭 max|Δ|   : 중앙 6.44e-06  최대 0.000341   / 채널 최대진폭 0.00635099
  중복(스테일)    : 0.0%   → 1.0배 오버샘플
  변화 간격       : 평균 5.01ms  중앙 5.0ms  최소 0.37ms  최대 48.52ms
  header stamp    : 고유 13485개  199.73 Hz
  채널별 변화횟수 : [10503, 10668, 10913, 10942, 9735, 8795, 11154]
  ✅ 전 채널(7) 변함
  최소 변화폭     : 1e-06 (양자화 단위 추정)
  채널 std        : [0.0003, 0.0005, 0.0006, 0.0015, 0.0001, 0.0003, 0.0001]

[sensor_rate] 저장 완료 → /home/user/prime/ChanukHwang/RobotAgentSystem/skill-set/inference-physics-property/docs/rate_log/20260727_010320_kiwi_contact/sensor_change.json (+ 토픽별 CSV)
