[sensor_rate] 감시: /paxini/right/ft  (std_msgs/msg/Float32MultiArray)
[sensor_rate] 감시: /hand/right/joint_states  (sensor_msgs/msg/JointState)
[sensor_rate] 감시: /hand/right/kin  (std_msgs/msg/Float32MultiArray)
[sensor_rate] 감시: /franka/right/joint_states  (sensor_msgs/msg/JointState)
[sensor_rate] 3600.0s 수집 중... (모션·접촉 중에 재는 것이 의미 있음)

[sensor_rate] 중단 신호 — 수집분으로 리포트

========================================================================
센서 실측 update rate — '발행률'(통신) vs '값 변화율'(센서)
========================================================================

[/paxini/right/ft]  std_msgs/msg/Float32MultiArray, 12ch, 45.256s
  판정            : ✅ LIVE — 값이 실제로 갱신됨
  메시지 발행률   :   4046개    89.38 Hz   ← ros2 topic hz 와 같은 값(통신)
  값 변화율(raw)  :    618회    13.66 Hz   (LSB 지터 포함)
  ★ 유의미 갱신율 :   13.66 Hz   ← 실제 센서 update rate (|Δ| ≥ 0.0001)
  변화폭 max|Δ|   : 중앙 0.1  최대 1.3   / 채널 최대진폭 3.2
  중복(스테일)    : 84.7%   → 6.55배 오버샘플
  변화 간격       : 평균 42.23ms  중앙 22.18ms  최소 10.68ms  최대 3433.46ms
  header stamp    : 없음 (timestamp/seq 미제공 → 값 변화로만 판정 가능)
  채널별 변화횟수 : [171, 284, 240, 38, 28, 21, 54, 38, 52, 0, 0, 0]
  ⚠ 정적 채널     : 3/12개 값 고정 [9, 10, 11]
  최소 변화폭     : 0.1 (양자화 단위 추정)
  채널 std        : [0.5965, 0.7715, 0.9105, 0.173, 0.1401, 0.1158, 0.1686, 0.1571, 0.1435, 0.0, 0.0, 0.0]

[/hand/right/joint_states]  sensor_msgs/msg/JointState, 16ch, 45.266s
  판정            : ✅ LIVE — 값이 실제로 갱신됨
  메시지 발행률   :   9043개   199.75 Hz   ← ros2 topic hz 와 같은 값(통신)
  값 변화율(raw)  :   7257회   160.32 Hz   (LSB 지터 포함)
  ★ 유의미 갱신율 :  160.32 Hz   ← 실제 센서 update rate (|Δ| ≥ 0.0001)
  변화폭 max|Δ|   : 중앙 5.0  최대 93.0   / 채널 최대진폭 3515.0
  중복(스테일)    : 19.7%   → 1.25배 오버샘플
  변화 간격       : 평균 6.24ms  중앙 5.03ms  최소 0.29ms  최대 36.66ms
  header stamp    : 고유 9043개  199.75 Hz
  채널별 변화횟수 : [5629, 5814, 5871, 5845, 6354, 6216, 5773, 5935, 5661, 5963, 6005, 6053, 5937, 5892, 5811, 5765]
  ✅ 전 채널(16) 변함
  최소 변화폭     : 1.0 (양자화 단위 추정)
  채널 std        : [29.6611, 22.3116, 954.9123, 948.1434, 344.4311, 1521.7592, 191.5284, 409.3882, 98.1527, 879.7021, 506.3554, 349.5198, 33.4759, 1310.6369, 251.822, 633.0991]

[/hand/right/kin]  std_msgs/msg/Float32MultiArray, 12ch, 45.265s
  판정            : ❌ FROZEN — 값이 전혀 안 바뀜(같은 값 재발행)
  메시지 발행률   :   9043개   199.75 Hz   ← ros2 topic hz 와 같은 값(통신)
  값 변화율(raw)  :      0회     0.00 Hz   (LSB 지터 포함)
  ★ 유의미 갱신율 :    0.00 Hz   ← 실제 센서 update rate (|Δ| ≥ 0.0001)
  변화폭 max|Δ|   : 중앙 None  최대 None   / 채널 최대진폭 0.0
  중복(스테일)    : 100.0%
  고정된 값       : [0.0, 0.0, 0.0, 0.0, 0.0, 0.0, 0.0, 0.0, 0.0, 0.0, 0.0, 0.0]   ← 전 채널 정확히 0 (센서 미동작 의심)
  header stamp    : 없음 (timestamp/seq 미제공 → 값 변화로만 판정 가능)
  채널별 변화횟수 : [0, 0, 0, 0, 0, 0, 0, 0, 0, 0, 0, 0]
  ⚠ 정적 채널     : 12/12개 값 고정 [0, 1, 2, 3, 4, 5, 6, 7, 8, 9, 10, 11]
  채널 std        : [0.0, 0.0, 0.0, 0.0, 0.0, 0.0, 0.0, 0.0, 0.0, 0.0, 0.0, 0.0]

[/franka/right/joint_states]  sensor_msgs/msg/JointState, 7ch, 45.271s
  판정            : ✅ LIVE — 값이 실제로 갱신됨
  메시지 발행률   :   9044개   199.75 Hz   ← ros2 topic hz 와 같은 값(통신)
  값 변화율(raw)  :   9042회   199.73 Hz   (LSB 지터 포함)
  ★ 유의미 갱신율 :    0.00 Hz   ← 실제 센서 update rate (|Δ| ≥ 0.0001)
  변화폭 max|Δ|   : 중앙 5.25e-06  최대 1.86e-05   / 채널 최대진폭 0.000193715
  중복(스테일)    : 0.0%   → 1.0배 오버샘플
  변화 간격       : 평균 5.01ms  중앙 5.0ms  최소 0.28ms  최대 37.61ms
  header stamp    : 고유 9044개  199.75 Hz
  채널별 변화횟수 : [6464, 6832, 6724, 6759, 6339, 5914, 7195]
  ✅ 전 채널(7) 변함
  최소 변화폭     : 1e-06 (양자화 단위 추정)
  채널 std        : [0.0, 0.0, 0.0, 0.0, 0.0, 0.0, 0.0001]

[sensor_rate] 저장 완료 → /home/user/prime/ChanukHwang/RobotAgentSystem/skill-set/inference-physics-property/docs/rate_log/20260727_005724_kiwi_contact/sensor_change.json (+ 토픽별 CSV)
